[logging] Writing backend logs to: C:\Users\harsh\LLMProjects\Real Time Crypto Currency Scrapper\Real-Time-Crypto-Stream\backend\logs\run-2026-02-03T03-22-16-957Z\backend.log
[ConnectRpcService] ConnectRPC service initialized
[backend] Listening on http://localhost:4000
[backend] ConnectRPC endpoint: http://localhost:4000/crypto.ticker.TickerService/
[backend] Health check: http://localhost:4000/health
[backend] Stats endpoint: http://localhost:4000/api/stats
[ConnectRpcService] Client client-1770088942708-91bxznpvt subscribing to BTCUSD
[ConnectRpcService] Starting scraping for BTCUSD
[ConnectRpcService] Error starting scraper for BTCUSD: browserType.launch: Executable doesn't exist at C:\Users\harsh\AppData\Local\ms-playwright\chromium-1187\chrome-win\chrome.exe
╔═════════════════════════════════════════════════════════════════════════╗
║ Looks like Playwright Test or Playwright was just installed or updated. ║
║ Please run the following command to download new browsers:              ║
║                                                                         ║
║     pnpm exec playwright install                                        ║
║                                                                         ║
║ <3 Playwright Team                                                      ║
╚═════════════════════════════════════════════════════════════════════════╝
    at getBrowser [90m(C:\Users\harsh\LLMProjects\Real Time Crypto Currency Scrapper\Real-Time-Crypto-Stream\backend\[39msrc\playwright\browserManager.ts:13:28[90m)[39m
    at getContextForSymbol [90m(C:\Users\harsh\LLMProjects\Real Time Crypto Currency Scrapper\Real-Time-Crypto-Stream\backend\[39msrc\playwright\browserManager.ts:66:25[90m)[39m
    at createTickerScraper [90m(C:\Users\harsh\LLMProjects\Real Time Crypto Currency Scrapper\Real-Time-Crypto-Stream\backend\[39msrc\playwright\scraper.ts:8:41[90m)[39m
    at ConnectRpcService.startScraping [90m(C:\Users\harsh\LLMProjects\Real Time Crypto Currency Scrapper\Real-Time-Crypto-Stream\backend\[39msrc\services\connectRpcService.ts:229:29[90m)[39m
    at ConnectRpcService.<anonymous> [90m(C:\Users\harsh\LLMProjects\Real Time Crypto Currency Scrapper\Real-Time-Crypto-Stream\backend\[39msrc\services\connectRpcService.ts:60:29[90m)[39m
    at serverStreaming_1 (C:\Users\harsh\LLMProjects\Real Time Crypto Currency Scrapper\Real-Time-Crypto-Stream\node_modules\[4m.pnpm[24m\@bufbuild+connect@0.11.0_@bufbuild+protobuf@1.10.1\node_modules\[4m@bufbuild[24m\connect\dist\cjs\protocol\invoke-implementation.js:84:125)
    at resume (C:\Users\harsh\LLMProjects\Real Time Crypto Currency Scrapper\Real-Time-Crypto-Stream\node_modules\[4m.pnpm[24m\@bufbuild+connect@0.11.0_@bufbuild+protobuf@1.10.1\node_modules\[4m@bufbuild[24m\connect\dist\cjs\protocol\invoke-implementation.js:21:43)
    at fulfill (C:\Users\harsh\LLMProjects\Real Time Crypto Currency Scrapper\Real-Time-Crypto-Stream\node_modules\[4m.pnpm[24m\@bufbuild+connect@0.11.0_@bufbuild+protobuf@1.10.1\node_modules\[4m@bufbuild[24m\connect\dist\cjs\protocol\invoke-implementation.js:23:31) {
  name: [32m'Error'[39m
}
[ConnectRpcService] Client client-1770088954424-4ch53dj62 subscribing to SOLUSD
[ConnectRpcService] Starting scraping for SOLUSD
[ConnectRpcService] Error starting scraper for SOLUSD: browserType.launch: Executable doesn't exist at C:\Users\harsh\AppData\Local\ms-playwright\chromium-1187\chrome-win\chrome.exe
╔═════════════════════════════════════════════════════════════════════════╗
║ Looks like Playwright Test or Playwright was just installed or updated. ║
║ Please run the following command to download new browsers:              ║
║                                                                         ║
║     pnpm exec playwright install                                        ║
║                                                                         ║
║ <3 Playwright Team                                                      ║
╚═════════════════════════════════════════════════════════════════════════╝
    at getBrowser [90m(C:\Users\harsh\LLMProjects\Real Time Crypto Currency Scrapper\Real-Time-Crypto-Stream\backend\[39msrc\playwright\browserManager.ts:13:28[90m)[39m
    at getContextForSymbol [90m(C:\Users\harsh\LLMProjects\Real Time Crypto Currency Scrapper\Real-Time-Crypto-Stream\backend\[39msrc\playwright\browserManager.ts:66:25[90m)[39m
    at createTickerScraper [90m(C:\Users\harsh\LLMProjects\Real Time Crypto Currency Scrapper\Real-Time-Crypto-Stream\backend\[39msrc\playwright\scraper.ts:8:41[90m)[39m
    at ConnectRpcService.startScraping [90m(C:\Users\harsh\LLMProjects\Real Time Crypto Currency Scrapper\Real-Time-Crypto-Stream\backend\[39msrc\services\connectRpcService.ts:229:29[90m)[39m
    at ConnectRpcService.<anonymous> [90m(C:\Users\harsh\LLMProjects\Real Time Crypto Currency Scrapper\Real-Time-Crypto-Stream\backend\[39msrc\services\connectRpcService.ts:60:29[90m)[39m
    at serverStreaming_1 (C:\Users\harsh\LLMProjects\Real Time Crypto Currency Scrapper\Real-Time-Crypto-Stream\node_modules\[4m.pnpm[24m\@bufbuild+connect@0.11.0_@bufbuild+protobuf@1.10.1\node_modules\[4m@bufbuild[24m\connect\dist\cjs\protocol\invoke-implementation.js:84:125)
    at resume (C:\Users\harsh\LLMProjects\Real Time Crypto Currency Scrapper\Real-Time-Crypto-Stream\node_modules\[4m.pnpm[24m\@bufbuild+connect@0.11.0_@bufbuild+protobuf@1.10.1\node_modules\[4m@bufbuild[24m\connect\dist\cjs\protocol\invoke-implementation.js:21:43)
    at fulfill (C:\Users\harsh\LLMProjects\Real Time Crypto Currency Scrapper\Real-Time-Crypto-Stream\node_modules\[4m.pnpm[24m\@bufbuild+connect@0.11.0_@bufbuild+protobuf@1.10.1\node_modules\[4m@bufbuild[24m\connect\dist\cjs\protocol\invoke-implementation.js:23:31) {
  name: [32m'Error'[39m
}
[ConnectRpcService] Client client-1770089021478-9hv4dyefu subscribing to BTCUSD
[ConnectRpcService] Starting scraping for BTCUSD
[browserManager] Launched browser (headed mode) for scalable resource sharing.
[browserManager] Created new context for BTCUSD
[scraper] Opening https://www.tradingview.com/symbols/BTCUSD/?exchange=BINANCE for BTCUSD
[scraper] Successfully loaded TradingView page for BTCUSD
[scraper] Started scraping BTCUSD
[ConnectRpcService] Creating price stream for BTCUSD (client: client-1770089021478-9hv4dyefu)
[ConnectRpcService] Stream established for BTCUSD, waiting for first price update
[scraper] Got immediate price 77765.6 for BTCUSD
[ConnectRpcService] Price update for BTCUSD: $77765.6 at 2026-02-03T03:23:49.723Z
[ConnectRpcService] Price update for BTCUSD: $77765.6 at 2026-02-03T03:23:50.327Z
[ConnectRpcService] Price update for BTCUSD: $77790.28 at 2026-02-03T03:23:52.642Z
[ConnectRpcService] Price update for BTCUSD: $77811.26 at 2026-02-03T03:23:55.944Z
[ConnectRpcService] Price update for BTCUSD: $77811.29 at 2026-02-03T03:24:03.554Z
[ConnectRpcService] Price update for BTCUSD: $77856.23 at 2026-02-03T03:24:05.723Z
[ConnectRpcService] Price update for BTCUSD: $77824.26 at 2026-02-03T03:24:07.853Z
[ConnectRpcService] Price update for BTCUSD: $77824.25 at 2026-02-03T03:24:11.078Z
[ConnectRpcService] Price update for BTCUSD: $77818.36 at 2026-02-03T03:24:12.123Z
[ConnectRpcService] Price update for BTCUSD: $77846.01 at 2026-02-03T03:24:30.552Z
[ConnectRpcService] Price update for BTCUSD: $77867.86 at 2026-02-03T03:24:34.867Z
[ConnectRpcService] Price update for BTCUSD: $77917.69 at 2026-02-03T03:24:43.455Z
[ConnectRpcService] Price update for BTCUSD: $77938.86 at 2026-02-03T03:24:46.747Z
[ConnectRpcService] Price update for BTCUSD: $77973.85 at 2026-02-03T03:24:50.019Z
[ConnectRpcService] Price update for BTCUSD: $78040.75 at 2026-02-03T03:24:54.362Z
[ConnectRpcService] Price update for BTCUSD: $78060.76 at 2026-02-03T03:25:02.999Z
[ConnectRpcService] Price update for BTCUSD: $78040.75 at 2026-02-03T03:25:14.903Z
[ConnectRpcService] Price update for BTCUSD: $78098.57 at 2026-02-03T03:26:15.377Z
[ConnectRpcService] Price update for BTCUSD: $78133.73 at 2026-02-03T03:26:46.677Z
[ConnectRpcService] Price update for BTCUSD: $78133.27 at 2026-02-03T03:26:49.924Z
[ConnectRpcService] Price update for BTCUSD: $78154.68 at 2026-02-03T03:26:53.159Z
[ConnectRpcService] Price update for BTCUSD: $78167.24 at 2026-02-03T03:26:56.397Z
[ConnectRpcService] Price update for BTCUSD: $78181.83 at 2026-02-03T03:26:59.639Z
[ConnectRpcService] Price update for BTCUSD: $78156.78 at 2026-02-03T03:27:12.596Z
[ConnectRpcService] Price update for BTCUSD: $78163.28 at 2026-02-03T03:27:16.921Z
[ConnectRpcService] Price update for BTCUSD: $78163.3 at 2026-02-03T03:27:20.159Z
[ConnectRpcService] Price update for BTCUSD: $78190.4 at 2026-02-03T03:27:56.816Z
[ConnectRpcService] Price update for BTCUSD: $78233.06 at 2026-02-03T03:29:57.225Z
[ConnectRpcService] Price update for BTCUSD: $78252.99 at 2026-02-03T03:30:00.504Z
[ConnectRpcService] Price update for BTCUSD: $78240.22 at 2026-02-03T03:30:02.681Z
[ConnectRpcService] Price update for BTCUSD: $78206.27 at 2026-02-03T03:30:15.730Z
[ConnectRpcService] Price update for BTCUSD: $78204.46 at 2026-02-03T03:30:17.913Z
[ConnectRpcService] Price update for BTCUSD: $78222.73 at 2026-02-03T03:30:39.750Z
[browserManager] Received SIGINT, cleaning up browser resources...
[browserManager] Context for BTCUSD closed and cleaned up
[browserManager] Browser disconnected, will restart on next request
[browserManager] Browser closed and all resources cleaned up.
